../Core/Src/LoRa.c:23:6:newLoRa	72	static
../Core/Src/LoRa.c:46:6:LoRa_reset	16	static
../Core/Src/LoRa.c:64:6:LoRa_gotoMode	24	static
../Core/Src/LoRa.c:108:6:LoRa_readReg	24	static
../Core/Src/LoRa.c:134:6:LoRa_writeReg	24	static
../Core/Src/LoRa.c:156:6:LoRa_setLowDaraRateOptimization	24	static
../Core/Src/LoRa.c:181:6:LoRa_setAutoLDO	96	static
../Core/Src/LoRa.c:198:6:LoRa_setFrequency	24	static
../Core/Src/LoRa.c:230:6:LoRa_setSpreadingFactor	24	static
../Core/Src/LoRa.c:260:6:LoRa_setPower	16	static
../Core/Src/LoRa.c:276:6:LoRa_setOCP	24	static
../Core/Src/LoRa.c:304:6:LoRa_setTOMsb_setCRCon	24	static
../Core/Src/LoRa.c:324:6:LoRa_setSyncWord	16	static
../Core/Src/LoRa.c:340:9:LoRa_read	32	static
../Core/Src/LoRa.c:363:6:LoRa_write	32	static
../Core/Src/LoRa.c:385:6:LoRa_BurstWrite	32	static
../Core/Src/LoRa.c:413:9:LoRa_isvalid	16	static
../Core/Src/LoRa.c:430:9:LoRa_transmit	32	static
../Core/Src/LoRa.c:467:6:LoRa_startReceiving	16	static
../Core/Src/LoRa.c:483:9:LoRa_receive	48	static
../Core/Src/LoRa.c:516:5:LoRa_getRSSI	24	static
../Core/Src/LoRa.c:532:10:LoRa_init	24	static
../Core/Src/LoRa.c:607:6:separateData	88	static
../Core/Src/LoRa.c:640:6:receiveAndProcessLoRaFrame	320	static
