../Drivers/CMSIS/Include/core_cm3.h:1762:34:__NVIC_SystemReset	4	static,ignoring_inline_asm
../Core/Src/sim.c:42:6:SIMTransmit	16	static
../Core/Src/sim.c:50:6:sendATCommandAndWaitForResponse	40	static
../Core/Src/sim.c:73:6:sendATCommandAndWaitForResponse_AT_Action	40	static
../Core/Src/sim.c:98:6:sendATCommandAndWaitForResponse_gps	40	static
../Core/Src/sim.c:126:5:extractRSSIValue	24	static
../Core/Src/sim.c:137:5:getRSSI	16	static
../Core/Src/sim.c:145:5:sendATCommandAndWaitForResponse_signalquality	48	static
../Core/Src/sim.c:179:6:SIM_INIT	8	static
../Core/Src/sim.c:195:13:parseNMEA	48	static
../Core/Src/sim.c:226:6:extractData	24	static
../Core/Src/sim.c:243:7:convertDMSToDecimal	40	static
../Core/Src/sim.c:252:6:HTTPConnect	16	static
