../Drivers/CMSIS/Include/core_cm3.h:1762:34:__NVIC_SystemReset	4	static,ignoring_inline_asm
../Core/Src/sim.c:43:6:SIMTransmit	16	static
../Core/Src/sim.c:51:6:sendATCommandAndWaitForResponse	40	static
../Core/Src/sim.c:74:6:sendATCommandAndWaitForResponse_AT_Action	40	static
../Core/Src/sim.c:129:5:extractRSSIValue	24	static
../Core/Src/sim.c:140:5:getRSSI	16	static
../Core/Src/sim.c:148:5:sendATCommandAndWaitForResponse_signalquality	48	static
../Core/Src/sim.c:182:6:SIM_INIT	8	static
../Core/Src/sim.c:261:6:HTTPConnect	16	static
